-------------------------------------
Beginning Export of Source Files
Contacts.mdb
VCS Version 4.1.2
Full Path: D:\MES_SOURCES\ACCESS\EXEMPLES\ACCESS 2000\CONTACTS\Contacts.mdb
Export Folder: D:\MES_SOURCES\GITHUB\Contacts.mdb\
Performing Full Export
08/12/2025 14:44:59
-------------------------------------
Scanning source files...
No db connections found in this database.
No vbe forms found in this database.
No saved specs found in this database.
No commandbars found in this database.
No shared images found in this database.
No themes found in this database.
No imex specs found in this database.
No queries found in this database.
No macros found in this database.
No table data found in this database.
No table data macros found in this database.
No hidden attributes found in this database.
-------------------------------------
Exporting project...          
  Contacts.mdb
[1]
-------------------------------------
Exporting vb project...       
  Ch06 Contacts
[1]
-------------------------------------
Exporting vbe references...   
  stdole
[2]
-------------------------------------
Exporting proj properties...  
  Current Project Properties (Access)
[1]
-------------------------------------
Exporting modules...          
  Code global
  Messages
[2]
-------------------------------------
Exporting db properties...    
  Database Properties (DAO)
[21]
-------------------------------------
Exporting tables...           
  Appels
    Sanitized in 0,003 seconds.
  Appels (SQL)
  Contacts
    Sanitized in 0,006 seconds.
  Contacts (SQL)
  Switchboard Items
    Sanitized in 0,002 seconds.
  Switchboard Items (SQL)
  Types de contacts
    Sanitized in 0,001 seconds.
  Types de contacts (SQL)
[4]
-------------------------------------
Exporting forms...            
  Switchboard
    Sanitized in 0,015 seconds.
  Contacts
    Sanitized in 0,018 seconds.
  Période de l'état
    Sanitized in 0,005 seconds.
  Appels
    Sanitized in 0,006 seconds.
  Sous-formulaire Détail des appels
    Sanitized in 0,004 seconds.
  Sous-formulaire Liste des appels
    Sanitized in 0,004 seconds.
  Types de contacts
    Sanitized in 0,004 seconds.
[7]
-------------------------------------
Exporting reports...          
  Statistiques appels hebdo
    Sanitized in 0,008 seconds.
  Liste alphabétique des contacts
    Sanitized in 0,007 seconds.
  Contacts par ville
    Sanitized in 0,008 seconds.
[3]
-------------------------------------
Exporting relations...        
  Reference
  Reference1
[2]
-------------------------------------
Exporting doc properties...   
  Database Documents
[3]
-------------------------------------
Exporting nav pane groups...  
  Groups
[1]
-------------------------------------
Done. (1,94 seconds)

--------------------------------------------------
                PERFORMANCE REPORTS
--------------------------------------------------
Category                      Count     Seconds
--------------------------------------------------
Forms                         7         0,67
Tables                        4         0,16
Reports                       3         0,16
DB Properties                 21        0,11
Modules                       2         0,08
Nav Pane Groups               1         0,07
Doc Properties                3         0,07
Project                       1         0,07
Relations                     2         0,07
VBE References                2         0,05
Proj Properties               1         0,05
VB Project                    1         0,04
DB Connections                0         0,02
Hidden Attributes             0         0,01
Table Data Macros             0         0,00
IMEX Specs                    0         0,00
Shared Images                 0         0,00
Themes                        0         0,00
Table Data                    0         0,00
CommandBars                   0         0,00
VBE Forms                     0         0,00
Queries                       0         0,00
Macros                        0         0,00
Saved Specs                   0         0,00
--------------------------------------------------
TOTALS:                       48        1,66
--------------------------------------------------

--------------------------------------------------
Operations                    Count     Seconds
--------------------------------------------------
Increment Progress            50        0,43
Convert to JSON               474       0,21
Scan DB Objects               1         0,13
Sanitize File                 10        0,08
Console Updates               3         0,07
App.SaveAsText()              10        0,07
App.ExportXML()               4         0,05
Write File                    39        0,04
modFileAccess.VerifyPath      53        0,02
Read File Bytes               16        0,02
Get File Property Hash        25        0,02
Export VBE Module             2         0,01
Save Table SQL                4         0,01
Compute SHA256                78        0,01
Delete File                   17        0,01
Read File DevMode             10        0,01
Read File                     16        0,01
Quick Count Files             1         0,01
Get Modified Date             45        0,01
Get VBA Hash                  12        0,01
Quick Count Objects           1         0,01
Sanitize XML                  4         0,01
Check for linked table        4         0,00
Format XML                    3         0,00
Format XML (alt)              1         0,00
Close Open Objects            1         0,00
Sanitize VBA Code             9         0,00
Clear Files by Ext            6         0,00
modFileAccess.GetUncPath      2         0,00
--------------------------------------------------
Other Operations                        0,69
--------------------------------------------------


